
> postcontent@0.1.0 build
> next build

▲ Next.js 16.1.1 (Turbopack)
- Environments: .env.local, .env.production, .env

  Creating an optimized production build ...
✓ Compiled successfully in 7.9s
  Skipping validation of types
  Collecting page data using 3 workers ...
  Generating static pages using 3 workers (0/31) ...
  Generating static pages using 3 workers (7/31) 
  Generating static pages using 3 workers (15/31) 
  Generating static pages using 3 workers (23/31) 
✓ Generating static pages using 3 workers (31/31) in 456.4ms
  Finalizing page optimization ...

Route (app)
┌ ○ /
├ ○ /_not-found
├ ƒ /api/auth/[...nextauth]
├ ƒ /api/auth/login
├ ƒ /api/auth/logout
├ ƒ /api/auth/signup
├ ƒ /api/checkout
├ ƒ /api/generate
├ ƒ /api/history
├ ƒ /api/reply
├ ƒ /api/settings
├ ƒ /api/thread
├ ƒ /api/train
├ ƒ /api/usage
├ ○ /dashboard/account
├ ○ /dashboard/account/billing
├ ○ /dashboard/account/general
├ ○ /dashboard/account/preferences
├ ○ /dashboard/generate
├ ○ /dashboard/reply
├ ○ /dashboard/thread
├ ○ /dashboard/train
├ ○ /icon.png
├ ○ /login
├ ○ /pricing
├ ○ /signup
├ ○ /sitemap.xml
├ ○ /success
├ ○ /verify-email
└ ○ /welcome


ƒ Proxy (Middleware)

○  (Static)   prerendered as static content
ƒ  (Dynamic)  server-rendered on demand

